// Jest Snapshot v1, https://goo.gl/fbAQLP

exports[`<List /> List component should renders correctly 1`] = `
<div
  className="list-wrapper"
/>
`;
